class Name { fun ( int : name  ) { if ( name < 0 ) { return 0 ; } else { return name ( name - 0 ) + name ( name - 0 ) ; } } fun name ( int : name ) { if ( name <= 0 ) { return 0 ; } else { int name = 0 ; int name = 0 ; int name = 0 ; while ( name < name ) { name ++ ; name = name + name ; name = name - name ; } return name ; } } }