dash 0 dash 0 star 0 plpl plus 0 percent 0 slash 0